Microchip MPLAB XC8 Compiler V2.46

Linker command line:

-W-3 \
  --edf=C:\Program Files\Microchip\xc8\v2.46\pic\dat\20240104201356_en.msgs \
  -cn -h+dist/default/production\Interfacing.production.sym \
  --cmf=dist/default/production\Interfacing.production.cmf -z -Q18F46K20 \
  -oC:\Users\LEGION\AppData\Local\Temp\xcAsd2c.\driver_tmp_3.o \
  --defsym=__MPLAB_BUILD=1 --fixupoverflow=error \
  -Mdist/default/production/Interfacing.production.map \
  --md=C:\Users\LEGION\AppData\Local\Temp\xcAsd2c.\driver_tmp_0.dat -E1 \
  -ver=XC8 Compiler --acfsm=1493 -ACODE=00h-0FFFFh -ACONST=00h-0FFFFh \
  -ASMALLCONST=01000h-010FFhx240 -AMEDIUMCONST=01000h-0FFFFh \
  -ACOMRAM=01h-05Fh -AABS1=00h-0F5Fh -ABIGRAM=01h-0F5Fh \
  -ARAM=060h-0FFh,0100h-01FFhx14,0F00h-0F5Fh -ABANK0=060h-0FFh \
  -ABANK1=0100h-01FFh -ABANK2=0200h-02FFh -ABANK3=0300h-03FFh \
  -ABANK4=0400h-04FFh -ABANK5=0500h-05FFh -ABANK6=0600h-06FFh \
  -ABANK7=0700h-07FFh -ABANK8=0800h-08FFh -ABANK9=0900h-09FFh \
  -ABANK10=0A00h-0AFFh -ABANK11=0B00h-0BFFh -ABANK12=0C00h-0CFFh \
  -ABANK13=0D00h-0DFFh -ABANK14=0E00h-0EFFh -ABANK15=0F00h-0F5Fh \
  -ASFR=0F60h-0FFFh -ABIGSFR=0F60h-0FFFh -ACONFIG=0300000h-030000Dh \
  -AIDLOC=0200000h-0200007h -AEEDATA=0F00000h-0F003FFh -peeprom_data=EEDATA \
  -preset_vec=00h,intcode,sivt_hi,intcodelo,sivt_lo,powerup,init \
  -pramtop=01000h -psmallconst=SMALLCONST -pmediumconst=MEDIUMCONST \
  -pconst=CONST -AFARRAM=00h-00h \
  -prdata=COMRAM,nvrram=COMRAM,nvbit=COMRAM,rbss=COMRAM,rbit=COMRAM \
  -pfarbss=FARRAM,fardata=FARRAM,nvFARRAM=FARRAM \
  -pintsave_regs=BIGRAM,bigbss=BIGRAM,bigdata=BIGRAM -pbss=RAM \
  -pidata=CODE,irdata=CODE,ibigdata=CODE,ifardata=CODE -prparam=COMRAM \
  C:\Users\LEGION\AppData\Local\Temp\xcAsd2c.\driver_tmp_9.o \
  dist/default/production\Interfacing.production.o 

Object code version is 3.11

Machine type is 18F46K20



                Name                               Link     Load   Length Selector   Space Scale
C:\Users\LEGION\AppData\Local\Temp\xcAsd2c.\driver_tmp_9.o
                config                           300000   300000        E        0       4
                init                                  0        0        4        0       0
dist/default/production\Interfacing.production.o
                config                           300000   300000        E        0       4
                smallconst                         1000     1000       46      800       0
                text19                             1046     1046      112      823       0
                text18                             1158     1158      110      823       0
                text17                             17DE     17DE       5E      823       0
                text16                             1932     1932       3E      823       0
                text15                             15E0     15E0       6E      823       0
                text14                             1898     1898       5C      823       0
                text13                             1360     1360       F8      823       0
                text12                             18F4     18F4       3E      823       0
                text11                             156A     156A       76      823       0
                text10                             1268     1268       F8      823       0
                text9                              1A12     1A12       12      D09       0
                text8                              1A24     1A24        6      D09       0
                text7                              183C     183C       5C      823       0
                text6                              177E     177E       60      823       0
                text5                              1970     1970       3C      823       0
                text4                              16B6     16B6       68      823       0
                text3                              14F4     14F4       76      823       0
                text2                              171E     171E       60      823       0
                text1                              164E     164E       68      823       0
                text0                              1458     1458       9C      823       0
                cstackCOMRAM                         30       30       1B        1       1
                dataCOMRAM                            1        1       2F        1       1
                bssCOMRAM                            4B       4B        B        1       1
                cinit                              19AC     19AC       36      823       0
                nvCOMRAM                             56       56        1        1       1
                idataCOMRAM                        19E2     19E2       2F      823       0

TOTAL           Name                               Link     Load   Length     Space
        CLASS   CODE           
                init                                  0        0        4         0
                text19                             1046     1046      112         0
                text18                             1158     1158      110         0
                text17                             17DE     17DE       5E         0
                text16                             1932     1932       3E         0
                text15                             15E0     15E0       6E         0
                text14                             1898     1898       5C         0
                text13                             1360     1360       F8         0
                text12                             18F4     18F4       3E         0
                text11                             156A     156A       76         0
                text10                             1268     1268       F8         0
                text9                              1A12     1A12       12         0
                text8                              1A24     1A24        6         0
                text7                              183C     183C       5C         0
                text6                              177E     177E       60         0
                text5                              1970     1970       3C         0
                text4                              16B6     16B6       68         0
                text3                              14F4     14F4       76         0
                text2                              171E     171E       60         0
                text1                              164E     164E       68         0
                text0                              1458     1458       9C         0
                cinit                              19AC     19AC       36         0
                idataCOMRAM                        19E2     19E2       2F         0

        CLASS   CONST          

        CLASS   SMALLCONST     
                smallconst                         1000     1000       46         0

        CLASS   MEDIUMCONST    

        CLASS   COMRAM         
                cstackCOMRAM                         30       30       1B         1
                dataCOMRAM                            1        1       2F         1
                bssCOMRAM                            4B       4B        B         1
                nvCOMRAM                             56       56        1         1

        CLASS   ABS1           

        CLASS   BIGRAM         

        CLASS   RAM            

        CLASS   BANK0          

        CLASS   BANK1          

        CLASS   BANK2          

        CLASS   BANK3          

        CLASS   BANK4          

        CLASS   BANK5          

        CLASS   BANK6          

        CLASS   BANK7          

        CLASS   BANK8          

        CLASS   BANK9          

        CLASS   BANK10         

        CLASS   BANK11         

        CLASS   BANK12         

        CLASS   BANK13         

        CLASS   BANK14         

        CLASS   BANK15         

        CLASS   SFR            

        CLASS   BIGSFR         

        CLASS   CONFIG         
                config                           300000   300000        E         4

        CLASS   IDLOC          

        CLASS   EEDATA         

        CLASS   FARRAM         

        CLASS   HEAP           

        CLASS   STACK          



SEGMENTS        Name                           Load    Length   Top    Selector   Space  Class

                reset_vec                      000000  000004  000004         0       0  CODE    
                dataCOMRAM                     000001  000056  000057         1       1  COMRAM  
                smallconst                     001000  000046  001046       800       0  SMALLCON
                text19                         001046  0009CB  001A11       823       0  CODE    
                text9                          001A12  000018  001A2A       D09       0  CODE    


UNUSED ADDRESS RANGES

        Name                Unused          Largest block    Delta
        BANK0            000060-0000FF               A0
        BANK1            000100-0001FF              100
        BANK10           000A00-000AFF              100
        BANK11           000B00-000BFF              100
        BANK12           000C00-000CFF              100
        BANK13           000D00-000DFF              100
        BANK14           000E00-000EFF              100
        BANK15           000F00-000F5F               60
        BANK2            000200-0002FF              100
        BANK3            000300-0003FF              100
        BANK4            000400-0004FF              100
        BANK5            000500-0005FF              100
        BANK6            000600-0006FF              100
        BANK7            000700-0007FF              100
        BANK8            000800-0008FF              100
        BANK9            000900-0009FF              100
        BIGRAM           000057-000F5F              F09
        BIGSFR           000F60-000FFF               A0
        CODE             000004-000FFF              FFC
                         001A11-001A11                1
                         001A2A-00FFFF             E5D6
        COMRAM           000057-00005F                9
        CONST            000004-000FFF              FFC
                         001A11-001A11                1
                         001A2A-00FFFF             E5D6
        EEDATA           F00000-F003FF              400
        IDLOC            200000-200007                8
        MEDIUMCONST      001A11-001A11                1
                         001A2A-00FFFF             E5D6
        RAM              000060-000F5F              100
        SFR              000F60-000FFF               A0
        SMALLCONST       001A11-001A11                1
                         001A2A-00FFFF              100

                                  Symbol Table

_LATA                                        (abs)        000F89
_LATB                                        (abs)        000F8A
_LATC                                        (abs)        000F8B
_LATD                                        (abs)        000F8C
_LATE                                        (abs)        000F8D
_PORTA                                       (abs)        000F80
_PORTB                                       (abs)        000F81
_PORTC                                       (abs)        000F82
_PORTD                                       (abs)        000F83
_PORTE                                       (abs)        000F84
_TRISA                                       (abs)        000F92
_TRISB                                       (abs)        000F93
_TRISC                                       (abs)        000F94
_TRISD                                       (abs)        000F95
_TRISE                                       (abs)        000F96
__HRAM                                       (abs)        000000
__H__absolute__                              __absolute__ 000000
__Habs1                                      abs1         000000
__Hbank0                                     bank0        000000
__Hbank1                                     bank1        000000
__Hbank10                                    bank10       000000
__Hbank11                                    bank11       000000
__Hbank12                                    bank12       000000
__Hbank13                                    bank13       000000
__Hbank14                                    bank14       000000
__Hbank15                                    bank15       000000
__Hbank2                                     bank2        000000
__Hbank3                                     bank3        000000
__Hbank4                                     bank4        000000
__Hbank5                                     bank5        000000
__Hbank6                                     bank6        000000
__Hbank7                                     bank7        000000
__Hbank8                                     bank8        000000
__Hbank9                                     bank9        000000
__Hbigbss                                    bigbss       000000
__Hbigdata                                   bigdata      000000
__Hbigram                                    bigram       000000
__Hbigsfr                                    bigsfr       000000
__Hbss                                       bss          000000
__HbssCOMRAM                                 bssCOMRAM    000000
__Hcinit                                     cinit        000000
__Hclrtext                                   clrtext      000000
__Hcomram                                    comram       000000
__Hconfig                                    config       30000E
__Hconst                                     const        000000
__HcstackCOMRAM                              cstackCOMRAM 000000
__Hdata                                      data         000000
__HdataCOMRAM                                dataCOMRAM   000000
__Heeprom_data                               eeprom_data  000000
__Hfarbss                                    farbss       000000
__Hfardata                                   fardata      000000
__Hheap                                      heap         000000
__Hibigdata                                  ibigdata     000000
__Hidata                                     idata        000000
__HidataCOMRAM                               idataCOMRAM  000000
__Hidloc                                     idloc        000000
__Hifardata                                  ifardata     000000
__Hinit                                      init         000004
__Hintcode                                   intcode      000000
__Hintcode_body                              intcode_body 000000
__Hintcodelo                                 intcodelo    000000
__Hintentry                                  intentry     000000
__Hintret                                    intret       000000
__Hintsave_regs                              intsave_regs 000000
__Hirdata                                    irdata       000000
__Hmediumconst                               mediumconst  000000
__HnvCOMRAM                                  nvCOMRAM     000000
__HnvFARRAM                                  nvFARRAM     000000
__Hnvbit                                     nvbit        000000
__Hnvrram                                    nvrram       000000
__Hparam                                     rparam       000000
__Hpowerup                                   powerup      000000
__Hram                                       ram          000000
__Hramtop                                    ramtop       001000
__Hrbit                                      rbit         000000
__Hrbss                                      rbss         000000
__Hrdata                                     rdata        000000
__Hreset_vec                                 reset_vec    000000
__Hrparam                                    rparam       000000
__Hsfr                                       sfr          000000
__Hsivt_hi                                   sivt_hi      000000
__Hsivt_lo                                   sivt_lo      000000
__Hsmallconst                                smallconst   001046
__Hspace_0                                   (abs)        001A2A
__Hspace_1                                   (abs)        000057
__Hspace_2                                   (abs)        000000
__Hspace_4                                   (abs)        60000E
__Hstack                                     stack        000000
__Hstruct                                    struct       000000
__Htemp                                      temp         000000
__Htext                                      text         000000
__Htext0                                     text0        000000
__Htext1                                     text1        000000
__Htext10                                    text10       000000
__Htext11                                    text11       000000
__Htext12                                    text12       000000
__Htext13                                    text13       000000
__Htext14                                    text14       000000
__Htext15                                    text15       000000
__Htext16                                    text16       000000
__Htext17                                    text17       000000
__Htext18                                    text18       000000
__Htext19                                    text19       000000
__Htext2                                     text2        000000
__Htext3                                     text3        000000
__Htext4                                     text4        000000
__Htext5                                     text5        000000
__Htext6                                     text6        000000
__Htext7                                     text7        000000
__Htext8                                     text8        000000
__Htext9                                     text9        000000
__LRAM                                       (abs)        000001
__L__absolute__                              __absolute__ 000000
__Labs1                                      abs1         000000
__Lbank0                                     bank0        000000
__Lbank1                                     bank1        000000
__Lbank10                                    bank10       000000
__Lbank11                                    bank11       000000
__Lbank12                                    bank12       000000
__Lbank13                                    bank13       000000
__Lbank14                                    bank14       000000
__Lbank15                                    bank15       000000
__Lbank2                                     bank2        000000
__Lbank3                                     bank3        000000
__Lbank4                                     bank4        000000
__Lbank5                                     bank5        000000
__Lbank6                                     bank6        000000
__Lbank7                                     bank7        000000
__Lbank8                                     bank8        000000
__Lbank9                                     bank9        000000
__Lbigbss                                    bigbss       000000
__Lbigdata                                   bigdata      000000
__Lbigram                                    bigram       000000
__Lbigsfr                                    bigsfr       000000
__Lbss                                       bss          000000
__LbssCOMRAM                                 bssCOMRAM    000000
__Lcinit                                     cinit        000000
__Lclrtext                                   clrtext      000000
__Lcomram                                    comram       000000
__Lconfig                                    config       000000
__Lconst                                     const        000000
__LcstackCOMRAM                              cstackCOMRAM 000000
__Ldata                                      data         000000
__LdataCOMRAM                                dataCOMRAM   000000
__Leeprom_data                               eeprom_data  000000
__Lfarbss                                    farbss       000000
__Lfardata                                   fardata      000000
__Lheap                                      heap         000000
__Libigdata                                  ibigdata     000000
__Lidata                                     idata        000000
__LidataCOMRAM                               idataCOMRAM  000000
__Lidloc                                     idloc        000000
__Lifardata                                  ifardata     000000
__Linit                                      init         000000
__Lintcode                                   intcode      000000
__Lintcode_body                              intcode_body 000000
__Lintcodelo                                 intcodelo    000000
__Lintentry                                  intentry     000000
__Lintret                                    intret       000000
__Lintsave_regs                              intsave_regs 000000
__Lirdata                                    irdata       000000
__Lmediumconst                               mediumconst  000000
__LnvCOMRAM                                  nvCOMRAM     000000
__LnvFARRAM                                  nvFARRAM     000000
__Lnvbit                                     nvbit        000000
__Lnvrram                                    nvrram       000000
__Lparam                                     rparam       000000
__Lpowerup                                   powerup      000000
__Lram                                       ram          000000
__Lramtop                                    ramtop       001000
__Lrbit                                      rbit         000000
__Lrbss                                      rbss         000000
__Lrdata                                     rdata        000000
__Lreset_vec                                 reset_vec    000000
__Lrparam                                    rparam       000000
__Lsfr                                       sfr          000000
__Lsivt_hi                                   sivt_hi      000000
__Lsivt_lo                                   sivt_lo      000000
__Lsmallconst                                smallconst   001000
__Lspace_0                                   (abs)        000000
__Lspace_1                                   (abs)        000000
__Lspace_2                                   (abs)        000000
__Lspace_4                                   (abs)        000000
__Lstack                                     stack        000000
__Lstruct                                    struct       000000
__Ltemp                                      temp         000000
__Ltext                                      text         000000
__Ltext0                                     text0        000000
__Ltext1                                     text1        000000
__Ltext10                                    text10       000000
__Ltext11                                    text11       000000
__Ltext12                                    text12       000000
__Ltext13                                    text13       000000
__Ltext14                                    text14       000000
__Ltext15                                    text15       000000
__Ltext16                                    text16       000000
__Ltext17                                    text17       000000
__Ltext18                                    text18       000000
__Ltext19                                    text19       000000
__Ltext2                                     text2        000000
__Ltext3                                     text3        000000
__Ltext4                                     text4        000000
__Ltext5                                     text5        000000
__Ltext6                                     text6        000000
__Ltext7                                     text7        000000
__Ltext8                                     text8        000000
__Ltext9                                     text9        000000
__S0                                         (abs)        001A2A
__S1                                         (abs)        000057
__S4                                         (abs)        000000
__S5                                         (abs)        000000
___heap_hi                                   (abs)        000000
___heap_lo                                   (abs)        000000
___inthi_sp                                  stack        000000
___inthi_stack_hi                            stack        000000
___inthi_stack_lo                            stack        000000
___intlo_sp                                  stack        000000
___intlo_stack_hi                            stack        000000
___intlo_stack_lo                            stack        000000
___param_bank                                (abs)        000000
___rparam_used                               (abs)        000001
___sp                                        stack        000000
___stack_hi                                  stack        000000
___stack_lo                                  stack        000000
__accesstop                                  (abs)        000060
__activetblptr                               (abs)        000002
__end_of__initialization                     cinit        0019D8
__end_of_application_initialize              text8        001A2A
__end_of_btn_values                          smallconst   001011
__end_of_ecu_layer_initialize                text9        001A24
__end_of_gpio_pin_direction_initialization   text19       001158
__end_of_gpio_pin_initialization             text17       00183C
__end_of_gpio_pin_write_logic                text18       001268
__end_of_lcd_4bit_initialize                 text13       001458
__end_of_lcd_4bit_send_char_data             text7        001898
__end_of_lcd_4bit_send_char_data_pos         text5        0019AC
__end_of_lcd_4bit_send_command               text14       0018F4
__end_of_lcd_4bit_send_string_pos            text4        00171E
__end_of_lcd_4bit_set_cursor                 text6        0017DE
__end_of_lcd_4bits_send_enable_signal        text16       001970
__end_of_lcd_8bit_initialize                 text10       001360
__end_of_lcd_8bit_send_char_data             text3        00156A
__end_of_lcd_8bit_send_command               text11       0015E0
__end_of_lcd_8bit_send_string_pos            text1        0016B6
__end_of_lcd_8bit_set_cursor                 text2        00177E
__end_of_lcd_8bits_send_enable_signal        text12       001932
__end_of_lcd_send_4bits                      text15       00164E
__end_of_main                                text0        0014F4
__initialization                             cinit        0019AC
__mediumconst                                mediumconst  000000
__pbssCOMRAM                                 bssCOMRAM    00004B
__pcinit                                     cinit        0019AC
__pcstackCOMRAM                              cstackCOMRAM 000030
__pdataCOMRAM                                dataCOMRAM   000001
__pidataCOMRAM                               idataCOMRAM  0019E2
__pnvCOMRAM                                  nvCOMRAM     000056
__psmallconst                                smallconst   001000
__ptext0                                     text0        001458
__ptext1                                     text1        00164E
__ptext10                                    text10       001268
__ptext11                                    text11       00156A
__ptext12                                    text12       0018F4
__ptext13                                    text13       001360
__ptext14                                    text14       001898
__ptext15                                    text15       0015E0
__ptext16                                    text16       001932
__ptext17                                    text17       0017DE
__ptext18                                    text18       001158
__ptext19                                    text19       001046
__ptext2                                     text2        00171E
__ptext3                                     text3        0014F4
__ptext4                                     text4        0016B6
__ptext5                                     text5        001970
__ptext6                                     text6        00177E
__ptext7                                     text7        00183C
__ptext8                                     text8        001A24
__ptext9                                     text9        001A12
__ramtop                                     ramtop       001000
__smallconst                                 smallconst   001000
_application_initialize                      text8        001A24
_btn_values                                  smallconst   001001
_ecu_layer_initialize                        text9        001A12
_gpio_pin_direction_initialization           text19       001046
_gpio_pin_initialization                     text17       0017DE
_gpio_pin_write_logic                        text18       001158
_lat_registers                               dataCOMRAM   00000B
_lcd1_counter                                nvCOMRAM     000056
_lcd_1                                       dataCOMRAM   00002A
_lcd_2                                       dataCOMRAM   000020
_lcd_4bit_initialize                         text13       001360
_lcd_4bit_send_char_data                     text7        00183C
_lcd_4bit_send_char_data_pos                 text5        001970
_lcd_4bit_send_command                       text14       001898
_lcd_4bit_send_string_pos                    text4        0016B6
_lcd_4bit_set_cursor                         text6        00177E
_lcd_4bits_send_enable_signal                text16       001932
_lcd_8bit_initialize                         text10       001268
_lcd_8bit_send_char_data                     text3        0014F4
_lcd_8bit_send_command                       text11       00156A
_lcd_8bit_send_string_pos                    text1        00164E
_lcd_8bit_set_cursor                         text2        00171E
_lcd_8bits_send_enable_signal                text12       0018F4
_lcd_counter                                 dataCOMRAM   00001F
_lcd_counter_txt                             bssCOMRAM    00004B
_lcd_send_4bits                              text15       0015E0
_main                                        text0        001458
_port_registers                              dataCOMRAM   000001
_tris_registers                              dataCOMRAM   000015
end_of_initialization                        cinit        0019D8
gpio_pin_direction_initialization@pin_config cstackCOMRAM 000030
gpio_pin_direction_initialization@ret        cstackCOMRAM 000036
gpio_pin_initialization@pin_config           cstackCOMRAM 000038
gpio_pin_initialization@ret                  cstackCOMRAM 00003A
gpio_pin_write_logic@logic                   cstackCOMRAM 000031
gpio_pin_write_logic@pin_config              cstackCOMRAM 000030
gpio_pin_write_logic@ret                     cstackCOMRAM 000037
intlevel0                                    text         000000
intlevel1                                    text         000000
intlevel2                                    text         000000
intlevel3                                    text         000000
isa$std                                      (abs)        000001
isa$xinst                                    (abs)        000000
lcd_4bit_initialize@l_data_pins_counter      cstackCOMRAM 000041
lcd_4bit_initialize@lcd                      cstackCOMRAM 00003E
lcd_4bit_initialize@ret                      cstackCOMRAM 000042
lcd_4bit_send_char_data@data                 cstackCOMRAM 00003C
lcd_4bit_send_char_data@lcd                  cstackCOMRAM 00003B
lcd_4bit_send_char_data@ret                  cstackCOMRAM 00003D
lcd_4bit_send_char_data_pos@col              cstackCOMRAM 000044
lcd_4bit_send_char_data_pos@data             cstackCOMRAM 000045
lcd_4bit_send_char_data_pos@lcd              cstackCOMRAM 000042
lcd_4bit_send_char_data_pos@ret              cstackCOMRAM 000046
lcd_4bit_send_char_data_pos@row              cstackCOMRAM 000043
lcd_4bit_send_command@command                cstackCOMRAM 00003C
lcd_4bit_send_command@lcd                    cstackCOMRAM 00003B
lcd_4bit_send_command@ret                    cstackCOMRAM 00003D
lcd_4bit_send_string_pos@col                 cstackCOMRAM 000044
lcd_4bit_send_string_pos@lcd                 cstackCOMRAM 000042
lcd_4bit_send_string_pos@ret                 cstackCOMRAM 000046
lcd_4bit_send_string_pos@row                 cstackCOMRAM 000043
lcd_4bit_send_string_pos@str                 cstackCOMRAM 000045
lcd_4bit_set_cursor@col                      cstackCOMRAM 000040
lcd_4bit_set_cursor@lcd                      cstackCOMRAM 00003E
lcd_4bit_set_cursor@ret                      cstackCOMRAM 000041
lcd_4bit_set_cursor@row                      cstackCOMRAM 00003F
lcd_4bits_send_enable_signal@lcd             cstackCOMRAM 000038
lcd_4bits_send_enable_signal@ret             cstackCOMRAM 000039
lcd_8bit_initialize@l_data_pins_counter      cstackCOMRAM 000043
lcd_8bit_initialize@lcd                      cstackCOMRAM 000040
lcd_8bit_initialize@ret                      cstackCOMRAM 000044
lcd_8bit_send_char_data@data                 cstackCOMRAM 00003B
lcd_8bit_send_char_data@l_pin_counter        cstackCOMRAM 00003F
lcd_8bit_send_char_data@lcd                  cstackCOMRAM 00003A
lcd_8bit_send_char_data@ret                  cstackCOMRAM 00003E
lcd_8bit_send_command@command                cstackCOMRAM 00003B
lcd_8bit_send_command@l_pin_counter          cstackCOMRAM 00003F
lcd_8bit_send_command@lcd                    cstackCOMRAM 00003A
lcd_8bit_send_command@ret                    cstackCOMRAM 00003E
lcd_8bit_send_string_pos@col                 cstackCOMRAM 000046
lcd_8bit_send_string_pos@lcd                 cstackCOMRAM 000044
lcd_8bit_send_string_pos@ret                 cstackCOMRAM 000048
lcd_8bit_send_string_pos@row                 cstackCOMRAM 000045
lcd_8bit_send_string_pos@str                 cstackCOMRAM 000047
lcd_8bit_set_cursor@col                      cstackCOMRAM 000042
lcd_8bit_set_cursor@lcd                      cstackCOMRAM 000040
lcd_8bit_set_cursor@ret                      cstackCOMRAM 000043
lcd_8bit_set_cursor@row                      cstackCOMRAM 000041
lcd_8bits_send_enable_signal@lcd             cstackCOMRAM 000038
lcd_8bits_send_enable_signal@ret             cstackCOMRAM 000039
lcd_send_4bits@_command                      cstackCOMRAM 000039
lcd_send_4bits@lcd                           cstackCOMRAM 000038
lcd_send_4bits@ret                           cstackCOMRAM 00003A
led_initialize@F3310                         bssCOMRAM    000055
led_turn_off@F3320                           bssCOMRAM    000053
led_turn_on@F3315                            bssCOMRAM    000054
led_turn_toggle@F3325                        bssCOMRAM    000052
relay_initialize@F3304                       bssCOMRAM    000051
relay_turn_off@F3314                         bssCOMRAM    00004F
relay_turn_on@F3309                          bssCOMRAM    000050
stackhi                                      (abs)        000000
stacklo                                      (abs)        000000
start                                        init         000000
start_initialization                         cinit        0019AC


MODULE INFORMATION

Module		Function		Class		Link	Load	Size
ECU_Layer/Chr_LCD/ecu_chr_lcd.c
		_lcd_8bit_set_cursor		CODE           	171E	0000	96
		_lcd_4bit_send_command		CODE           	1898	0000	92
		_lcd_4bit_send_string_pos		CODE           	16B6	0000	104
		_lcd_4bit_send_char_data		CODE           	183C	0000	92
		_lcd_send_4bits		CODE           	15E0	0000	110
		_lcd_4bit_send_char_data_pos		CODE           	1970	0000	60
		_lcd_4bit_set_cursor		CODE           	177E	0000	96
		_lcd_8bits_send_enable_signal		CODE           	18F4	0000	62
		_lcd_8bit_initialize		CODE           	1268	0000	248
		_lcd_4bits_send_enable_signal		CODE           	1932	0000	62
		_lcd_8bit_send_command		CODE           	156A	0000	118
		_lcd_8bit_send_string_pos		CODE           	164E	0000	104
		_lcd_4bit_initialize		CODE           	1360	0000	248
		_lcd_8bit_send_char_data		CODE           	14F4	0000	118

ECU_Layer/Chr_LCD/ecu_chr_lcd.c estimated size: 1610

shared
		_btn_values    		SMALLCONST     	1001	0000	16
		__initialization		CODE           	19AC	0000	44

shared estimated size: 60

MCAL_Layer/GPIO/hal_gpio.c
		_gpio_pin_write_logic		CODE           	1158	0000	272
		_gpio_pin_initialization		CODE           	17DE	0000	94
		_gpio_pin_direction_initialization		CODE           	1046	0000	274

MCAL_Layer/GPIO/hal_gpio.c estimated size: 640

ECU_Layer/ecu_layer_init.c
		_ecu_layer_initialize		CODE           	1A12	0000	18

ECU_Layer/ecu_layer_init.c estimated size: 18

application.c
		_application_initialize		CODE           	1A24	0000	6
		_main          		CODE           	1458	0000	156

application.c estimated size: 162

