Microchip MPLAB XC8 Compiler V2.46

Linker command line:

-W-3 \
  --edf=C:\Program Files\Microchip\xc8\v2.46\pic\dat\20240104201356_en.msgs \
  -cn -h+dist/default/production\Interfacing.production.sym \
  --cmf=dist/default/production\Interfacing.production.cmf -z -Q18F46K20 \
  -oC:\Users\LEGION\AppData\Local\Temp\xcAslbs.\driver_tmp_3.o \
  --defsym=__MPLAB_BUILD=1 --fixupoverflow=error \
  -Mdist/default/production/Interfacing.production.map \
  --md=C:\Users\LEGION\AppData\Local\Temp\xcAslbs.\driver_tmp_0.dat -E1 \
  -ver=XC8 Compiler --acfsm=1493 -ACODE=00h-0FFFFh -ACONST=00h-0FFFFh \
  -ASMALLCONST=01000h-010FFhx240 -AMEDIUMCONST=01000h-0FFFFh \
  -ACOMRAM=01h-05Fh -AABS1=00h-0F5Fh -ABIGRAM=01h-0F5Fh \
  -ARAM=060h-0FFh,0100h-01FFhx14,0F00h-0F5Fh -ABANK0=060h-0FFh \
  -ABANK1=0100h-01FFh -ABANK2=0200h-02FFh -ABANK3=0300h-03FFh \
  -ABANK4=0400h-04FFh -ABANK5=0500h-05FFh -ABANK6=0600h-06FFh \
  -ABANK7=0700h-07FFh -ABANK8=0800h-08FFh -ABANK9=0900h-09FFh \
  -ABANK10=0A00h-0AFFh -ABANK11=0B00h-0BFFh -ABANK12=0C00h-0CFFh \
  -ABANK13=0D00h-0DFFh -ABANK14=0E00h-0EFFh -ABANK15=0F00h-0F5Fh \
  -ASFR=0F60h-0FFFh -ABIGSFR=0F60h-0FFFh -ACONFIG=0300000h-030000Dh \
  -AIDLOC=0200000h-0200007h -AEEDATA=0F00000h-0F003FFh -peeprom_data=EEDATA \
  -preset_vec=00h,intcode,sivt_hi,intcodelo,sivt_lo,powerup,init \
  -pramtop=01000h -psmallconst=SMALLCONST -pmediumconst=MEDIUMCONST \
  -pconst=CONST -AFARRAM=00h-00h \
  -prdata=COMRAM,nvrram=COMRAM,nvbit=COMRAM,rbss=COMRAM,rbit=COMRAM \
  -pfarbss=FARRAM,fardata=FARRAM,nvFARRAM=FARRAM \
  -pintsave_regs=BIGRAM,bigbss=BIGRAM,bigdata=BIGRAM -pbss=RAM \
  -pidata=CODE,irdata=CODE,ibigdata=CODE,ifardata=CODE -prparam=COMRAM \
  C:\Users\LEGION\AppData\Local\Temp\xcAslbs.\driver_tmp_9.o \
  dist/default/production\Interfacing.production.o 

Object code version is 3.11

Machine type is 18F46K20



                Name                               Link     Load   Length Selector   Space Scale
C:\Users\LEGION\AppData\Local\Temp\xcAslbs.\driver_tmp_9.o
                config                           300000   300000        E        0       4
                init                                  0        0        4        0       0
dist/default/production\Interfacing.production.o
                config                           300000   300000        E        0       4
                smallconst                         1000     1000        2      800       0
                text8                              12FA     12FA       C4      801       0
                text7                              13BE     13BE       B0      801       0
                text6                              1002     1002      112      801       0
                text5                              1114     1114      110      801       0
                text4                              14E8     14E8       5E      801       0
                text3                              1546     1546       48      801       0
                text2                              15EA     15EA       20      AF5       0
                text1                              146E     146E       7A      801       0
                text0                              1224     1224       D6      801       0
                cstackCOMRAM                         26       26        E        1       1
                dataCOMRAM                            1        1       25        1       1
                bssCOMRAM                            34       34        8        1       1
                cinit                              158E     158E       36      801       0
                nvCOMRAM                             3C       3C        2        1       1
                idataCOMRAM                        15C4     15C4       25      801       0

TOTAL           Name                               Link     Load   Length     Space
        CLASS   CODE           
                init                                  0        0        4         0
                text8                              12FA     12FA       C4         0
                text7                              13BE     13BE       B0         0
                text6                              1002     1002      112         0
                text5                              1114     1114      110         0
                text4                              14E8     14E8       5E         0
                text3                              1546     1546       48         0
                text2                              15EA     15EA       20         0
                text1                              146E     146E       7A         0
                text0                              1224     1224       D6         0
                cinit                              158E     158E       36         0
                idataCOMRAM                        15C4     15C4       25         0

        CLASS   CONST          

        CLASS   SMALLCONST     
                smallconst                         1000     1000        2         0

        CLASS   MEDIUMCONST    

        CLASS   COMRAM         
                cstackCOMRAM                         26       26        E         1
                dataCOMRAM                            1        1       25         1
                bssCOMRAM                            34       34        8         1
                nvCOMRAM                             3C       3C        2         1

        CLASS   ABS1           

        CLASS   BIGRAM         

        CLASS   RAM            

        CLASS   BANK0          

        CLASS   BANK1          

        CLASS   BANK2          

        CLASS   BANK3          

        CLASS   BANK4          

        CLASS   BANK5          

        CLASS   BANK6          

        CLASS   BANK7          

        CLASS   BANK8          

        CLASS   BANK9          

        CLASS   BANK10         

        CLASS   BANK11         

        CLASS   BANK12         

        CLASS   BANK13         

        CLASS   BANK14         

        CLASS   BANK15         

        CLASS   SFR            

        CLASS   BIGSFR         

        CLASS   CONFIG         
                config                           300000   300000        E         4

        CLASS   IDLOC          

        CLASS   EEDATA         

        CLASS   FARRAM         

        CLASS   HEAP           

        CLASS   STACK          



SEGMENTS        Name                           Load    Length   Top    Selector   Space  Class

                reset_vec                      000000  000004  000004         0       0  CODE    
                dataCOMRAM                     000001  00003D  00003E         1       1  COMRAM  
                smallconst                     001000  000002  001002       800       0  SMALLCON
                text6                          001002  0005E7  0015E9       801       0  CODE    
                text2                          0015EA  000020  00160A       AF5       0  CODE    


UNUSED ADDRESS RANGES

        Name                Unused          Largest block    Delta
        BANK0            000060-0000FF               A0
        BANK1            000100-0001FF              100
        BANK10           000A00-000AFF              100
        BANK11           000B00-000BFF              100
        BANK12           000C00-000CFF              100
        BANK13           000D00-000DFF              100
        BANK14           000E00-000EFF              100
        BANK15           000F00-000F5F               60
        BANK2            000200-0002FF              100
        BANK3            000300-0003FF              100
        BANK4            000400-0004FF              100
        BANK5            000500-0005FF              100
        BANK6            000600-0006FF              100
        BANK7            000700-0007FF              100
        BANK8            000800-0008FF              100
        BANK9            000900-0009FF              100
        BIGRAM           00003E-000F5F              F22
        BIGSFR           000F60-000FFF               A0
        CODE             000004-000FFF              FFC
                         0015E9-0015E9                1
                         00160A-00FFFF             E9F6
        COMRAM           00003E-00005F               22
        CONST            000004-000FFF              FFC
                         0015E9-0015E9                1
                         00160A-00FFFF             E9F6
        EEDATA           F00000-F003FF              400
        IDLOC            200000-200007                8
        MEDIUMCONST      0015E9-0015E9                1
                         00160A-00FFFF             E9F6
        RAM              000060-000F5F              100
        SFR              000F60-000FFF               A0
        SMALLCONST       0015E9-0015E9                1
                         00160A-00FFFF              100

                                  Symbol Table

?___awdiv                                    cstackCOMRAM 000026
?___awmod                                    cstackCOMRAM 000026
_LATA                                        (abs)        000F89
_LATB                                        (abs)        000F8A
_LATC                                        (abs)        000F8B
_LATD                                        (abs)        000F8C
_LATE                                        (abs)        000F8D
_PORTA                                       (abs)        000F80
_PORTB                                       (abs)        000F81
_PORTC                                       (abs)        000F82
_PORTD                                       (abs)        000F83
_PORTE                                       (abs)        000F84
_TRISA                                       (abs)        000F92
_TRISB                                       (abs)        000F93
_TRISC                                       (abs)        000F94
_TRISD                                       (abs)        000F95
_TRISE                                       (abs)        000F96
__HRAM                                       (abs)        000000
__H__absolute__                              __absolute__ 000000
__Habs1                                      abs1         000000
__Hbank0                                     bank0        000000
__Hbank1                                     bank1        000000
__Hbank10                                    bank10       000000
__Hbank11                                    bank11       000000
__Hbank12                                    bank12       000000
__Hbank13                                    bank13       000000
__Hbank14                                    bank14       000000
__Hbank15                                    bank15       000000
__Hbank2                                     bank2        000000
__Hbank3                                     bank3        000000
__Hbank4                                     bank4        000000
__Hbank5                                     bank5        000000
__Hbank6                                     bank6        000000
__Hbank7                                     bank7        000000
__Hbank8                                     bank8        000000
__Hbank9                                     bank9        000000
__Hbigbss                                    bigbss       000000
__Hbigdata                                   bigdata      000000
__Hbigram                                    bigram       000000
__Hbigsfr                                    bigsfr       000000
__Hbss                                       bss          000000
__HbssCOMRAM                                 bssCOMRAM    000000
__Hcinit                                     cinit        000000
__Hclrtext                                   clrtext      000000
__Hcomram                                    comram       000000
__Hconfig                                    config       30000E
__Hconst                                     const        000000
__HcstackCOMRAM                              cstackCOMRAM 000000
__Hdata                                      data         000000
__HdataCOMRAM                                dataCOMRAM   000000
__Heeprom_data                               eeprom_data  000000
__Hfarbss                                    farbss       000000
__Hfardata                                   fardata      000000
__Hheap                                      heap         000000
__Hibigdata                                  ibigdata     000000
__Hidata                                     idata        000000
__HidataCOMRAM                               idataCOMRAM  000000
__Hidloc                                     idloc        000000
__Hifardata                                  ifardata     000000
__Hinit                                      init         000004
__Hintcode                                   intcode      000000
__Hintcode_body                              intcode_body 000000
__Hintcodelo                                 intcodelo    000000
__Hintentry                                  intentry     000000
__Hintret                                    intret       000000
__Hintsave_regs                              intsave_regs 000000
__Hirdata                                    irdata       000000
__Hmediumconst                               mediumconst  000000
__HnvCOMRAM                                  nvCOMRAM     000000
__HnvFARRAM                                  nvFARRAM     000000
__Hnvbit                                     nvbit        000000
__Hnvrram                                    nvrram       000000
__Hparam                                     rparam       000000
__Hpowerup                                   powerup      000000
__Hram                                       ram          000000
__Hramtop                                    ramtop       001000
__Hrbit                                      rbit         000000
__Hrbss                                      rbss         000000
__Hrdata                                     rdata        000000
__Hreset_vec                                 reset_vec    000000
__Hrparam                                    rparam       000000
__Hsfr                                       sfr          000000
__Hsivt_hi                                   sivt_hi      000000
__Hsivt_lo                                   sivt_lo      000000
__Hsmallconst                                smallconst   001002
__Hspace_0                                   (abs)        00160A
__Hspace_1                                   (abs)        00003E
__Hspace_2                                   (abs)        000000
__Hspace_4                                   (abs)        60000E
__Hstack                                     stack        000000
__Hstruct                                    struct       000000
__Htemp                                      temp         000000
__Htext                                      text         000000
__Htext0                                     text0        000000
__Htext1                                     text1        000000
__Htext2                                     text2        000000
__Htext3                                     text3        000000
__Htext4                                     text4        000000
__Htext5                                     text5        000000
__Htext6                                     text6        000000
__Htext7                                     text7        000000
__Htext8                                     text8        000000
__LRAM                                       (abs)        000001
__L__absolute__                              __absolute__ 000000
__Labs1                                      abs1         000000
__Lbank0                                     bank0        000000
__Lbank1                                     bank1        000000
__Lbank10                                    bank10       000000
__Lbank11                                    bank11       000000
__Lbank12                                    bank12       000000
__Lbank13                                    bank13       000000
__Lbank14                                    bank14       000000
__Lbank15                                    bank15       000000
__Lbank2                                     bank2        000000
__Lbank3                                     bank3        000000
__Lbank4                                     bank4        000000
__Lbank5                                     bank5        000000
__Lbank6                                     bank6        000000
__Lbank7                                     bank7        000000
__Lbank8                                     bank8        000000
__Lbank9                                     bank9        000000
__Lbigbss                                    bigbss       000000
__Lbigdata                                   bigdata      000000
__Lbigram                                    bigram       000000
__Lbigsfr                                    bigsfr       000000
__Lbss                                       bss          000000
__LbssCOMRAM                                 bssCOMRAM    000000
__Lcinit                                     cinit        000000
__Lclrtext                                   clrtext      000000
__Lcomram                                    comram       000000
__Lconfig                                    config       000000
__Lconst                                     const        000000
__LcstackCOMRAM                              cstackCOMRAM 000000
__Ldata                                      data         000000
__LdataCOMRAM                                dataCOMRAM   000000
__Leeprom_data                               eeprom_data  000000
__Lfarbss                                    farbss       000000
__Lfardata                                   fardata      000000
__Lheap                                      heap         000000
__Libigdata                                  ibigdata     000000
__Lidata                                     idata        000000
__LidataCOMRAM                               idataCOMRAM  000000
__Lidloc                                     idloc        000000
__Lifardata                                  ifardata     000000
__Linit                                      init         000000
__Lintcode                                   intcode      000000
__Lintcode_body                              intcode_body 000000
__Lintcodelo                                 intcodelo    000000
__Lintentry                                  intentry     000000
__Lintret                                    intret       000000
__Lintsave_regs                              intsave_regs 000000
__Lirdata                                    irdata       000000
__Lmediumconst                               mediumconst  000000
__LnvCOMRAM                                  nvCOMRAM     000000
__LnvFARRAM                                  nvFARRAM     000000
__Lnvbit                                     nvbit        000000
__Lnvrram                                    nvrram       000000
__Lparam                                     rparam       000000
__Lpowerup                                   powerup      000000
__Lram                                       ram          000000
__Lramtop                                    ramtop       001000
__Lrbit                                      rbit         000000
__Lrbss                                      rbss         000000
__Lrdata                                     rdata        000000
__Lreset_vec                                 reset_vec    000000
__Lrparam                                    rparam       000000
__Lsfr                                       sfr          000000
__Lsivt_hi                                   sivt_hi      000000
__Lsivt_lo                                   sivt_lo      000000
__Lsmallconst                                smallconst   001000
__Lspace_0                                   (abs)        000000
__Lspace_1                                   (abs)        000000
__Lspace_2                                   (abs)        000000
__Lspace_4                                   (abs)        000000
__Lstack                                     stack        000000
__Lstruct                                    struct       000000
__Ltemp                                      temp         000000
__Ltext                                      text         000000
__Ltext0                                     text0        000000
__Ltext1                                     text1        000000
__Ltext2                                     text2        000000
__Ltext3                                     text3        000000
__Ltext4                                     text4        000000
__Ltext5                                     text5        000000
__Ltext6                                     text6        000000
__Ltext7                                     text7        000000
__Ltext8                                     text8        000000
__S0                                         (abs)        00160A
__S1                                         (abs)        00003E
__S4                                         (abs)        000000
__S5                                         (abs)        000000
___awdiv                                     text8        0012FA
___awdiv@counter                             cstackCOMRAM 00002A
___awdiv@dividend                            cstackCOMRAM 000026
___awdiv@divisor                             cstackCOMRAM 000028
___awdiv@quotient                            cstackCOMRAM 00002C
___awdiv@sign                                cstackCOMRAM 00002B
___awmod                                     text7        0013BE
___awmod@counter                             cstackCOMRAM 00002A
___awmod@dividend                            cstackCOMRAM 000026
___awmod@divisor                             cstackCOMRAM 000028
___awmod@sign                                cstackCOMRAM 00002B
___heap_hi                                   (abs)        000000
___heap_lo                                   (abs)        000000
___inthi_sp                                  stack        000000
___inthi_stack_hi                            stack        000000
___inthi_stack_lo                            stack        000000
___intlo_sp                                  stack        000000
___intlo_stack_hi                            stack        000000
___intlo_stack_lo                            stack        000000
___param_bank                                (abs)        000000
___rparam_used                               (abs)        000001
___sp                                        stack        000000
___stack_hi                                  stack        000000
___stack_lo                                  stack        000000
__accesstop                                  (abs)        000060
__activetblptr                               (abs)        000002
__end_of___awdiv                             text8        0013BE
__end_of___awmod                             text7        00146E
__end_of__initialization                     cinit        0015BA
__end_of_application_initialize              text2        00160A
__end_of_gpio_pin_direction_initialization   text6        001114
__end_of_gpio_pin_initialization             text4        001546
__end_of_gpio_pin_write_logic                text5        001224
__end_of_main                                text0        0012FA
__end_of_seven_segment_initialize            text3        00158E
__end_of_seven_segment_write_number          text1        0014E8
__initialization                             cinit        00158E
__mediumconst                                mediumconst  000000
__pbssCOMRAM                                 bssCOMRAM    000034
__pcinit                                     cinit        00158E
__pcstackCOMRAM                              cstackCOMRAM 000026
__pdataCOMRAM                                dataCOMRAM   000001
__pidataCOMRAM                               idataCOMRAM  0015C4
__pnvCOMRAM                                  nvCOMRAM     00003C
__psmallconst                                smallconst   001000
__ptext0                                     text0        001224
__ptext1                                     text1        00146E
__ptext2                                     text2        0015EA
__ptext3                                     text3        001546
__ptext4                                     text4        0014E8
__ptext5                                     text5        001114
__ptext6                                     text6        001002
__ptext7                                     text7        0013BE
__ptext8                                     text8        0012FA
__ramtop                                     ramtop       001000
__smallconst                                 smallconst   001000
_application_initialize                      text2        0015EA
_counter                                     nvCOMRAM     00003C
_gpio_pin_direction_initialization           text6        001002
_gpio_pin_initialization                     text4        0014E8
_gpio_pin_write_logic                        text5        001114
_lat_registers                               dataCOMRAM   00000B
_main                                        text0        001224
_number                                      bssCOMRAM    000034
_port_registers                              dataCOMRAM   000001
_ret                                         nvCOMRAM     00003D
_seg1                                        dataCOMRAM   00001F
_seg1_enable                                 dataCOMRAM   000025
_seg2_enable                                 dataCOMRAM   000024
_seven_segment_initialize                    text3        001546
_seven_segment_write_number                  text1        00146E
_tris_registers                              dataCOMRAM   000015
end_of_initialization                        cinit        0015BA
gpio_pin_direction_initialization@pin_config cstackCOMRAM 000026
gpio_pin_direction_initialization@ret        cstackCOMRAM 00002C
gpio_pin_initialization@pin_config           cstackCOMRAM 00002E
gpio_pin_initialization@ret                  cstackCOMRAM 000030
gpio_pin_write_logic@logic                   cstackCOMRAM 000027
gpio_pin_write_logic@pin_config              cstackCOMRAM 000026
gpio_pin_write_logic@ret                     cstackCOMRAM 00002D
intlevel0                                    text         000000
intlevel1                                    text         000000
intlevel2                                    text         000000
intlevel3                                    text         000000
isa$std                                      (abs)        000001
isa$xinst                                    (abs)        000000
led_initialize@F3143                         bssCOMRAM    00003B
led_turn_off@F3153                           bssCOMRAM    000039
led_turn_on@F3148                            bssCOMRAM    00003A
led_turn_toggle@F3158                        bssCOMRAM    000038
relay_initialize@F3137                       bssCOMRAM    000037
relay_turn_off@F3147                         bssCOMRAM    000035
relay_turn_on@F3142                          bssCOMRAM    000036
seven_segment_initialize@ret                 cstackCOMRAM 000032
seven_segment_initialize@segment             cstackCOMRAM 000031
seven_segment_write_number@number            cstackCOMRAM 00002F
seven_segment_write_number@ret               cstackCOMRAM 000030
seven_segment_write_number@segment           cstackCOMRAM 00002E
stackhi                                      (abs)        000000
stacklo                                      (abs)        000000
start                                        init         000000
start_initialization                         cinit        00158E


MODULE INFORMATION

Module		Function		Class		Link	Load	Size
C:\Program Files\Microchip\xc8\v2.46\pic\sources\c99\common\awdiv.c
		___awdiv       		CODE           	12FA	0000	196

C:\Program Files\Microchip\xc8\v2.46\pic\sources\c99\common\awdiv.c estimated size: 196

ECU_Layer/7_segment/ecu_seven_seg.c
		_seven_segment_initialize		CODE           	1546	0000	72
		_seven_segment_write_number		CODE           	146E	0000	122

ECU_Layer/7_segment/ecu_seven_seg.c estimated size: 194

shared
		__initialization		CODE           	158E	0000	44

shared estimated size: 44

MCAL_Layer/GPIO/hal_gpio.c
		_gpio_pin_write_logic		CODE           	1114	0000	272
		_gpio_pin_initialization		CODE           	14E8	0000	94
		_gpio_pin_direction_initialization		CODE           	1002	0000	274

MCAL_Layer/GPIO/hal_gpio.c estimated size: 640

C:\Program Files\Microchip\xc8\v2.46\pic\sources\c99\common\awmod.c
		___awmod       		CODE           	13BE	0000	176

C:\Program Files\Microchip\xc8\v2.46\pic\sources\c99\common\awmod.c estimated size: 176

application.c
		_application_initialize		CODE           	15EA	0000	32
		_main          		CODE           	1224	0000	214

application.c estimated size: 246

